[2026-07-26T13:59:57.455Z] TO: +919011874112
MESSAGE:
*Investment Maturity Alert - Tanmay Traders*

Dear Admin,
This is an alert that the following investment is maturing tomorrow:

• *Type:* RD
• *Account Number:* TEST-RD-1234
• *Invest Amount:* ₹5,000 per month
• *Maturity Amount:* ₹62,000
• *Maturity Date:* 28 Jul 2026

Please make sure to process the maturity request.
----------------------------------------
[2026-07-26T13:59:57.456Z] TO: +918788594766
MESSAGE:
*Investment Maturity Alert - Tanmay Traders*

Dear Admin,
This is an alert that the following investment is maturing tomorrow:

• *Type:* RD
• *Account Number:* TEST-RD-1234
• *Invest Amount:* ₹5,000 per month
• *Maturity Amount:* ₹62,000
• *Maturity Date:* 28 Jul 2026

Please make sure to process the maturity request.
----------------------------------------
[2026-07-26T13:59:57.513Z] TO: +919011874112
MESSAGE:
*Investment Maturity Alert - Tanmay Traders*

Dear Admin,
This is an alert that the following investment is maturing tomorrow:

• *Type:* FD
• *Account Number:* TEST-FD-5678
• *Invest Amount:* ₹1,00,000
• *Maturity Amount:* ₹1,07,500
• *Maturity Date:* 28 Jul 2026

Please make sure to process the maturity request.
----------------------------------------
[2026-07-26T13:59:57.513Z] TO: +918788594766
MESSAGE:
*Investment Maturity Alert - Tanmay Traders*

Dear Admin,
This is an alert that the following investment is maturing tomorrow:

• *Type:* FD
• *Account Number:* TEST-FD-5678
• *Invest Amount:* ₹1,00,000
• *Maturity Amount:* ₹1,07,500
• *Maturity Date:* 28 Jul 2026

Please make sure to process the maturity request.
----------------------------------------
